Microsoft Windows [version 10.0.18363.535]
(c) 2019 Microsoft Corporation. Tous droits réservés.

C:\Users\Developpeur>cd ..

C:\Users>cd ..

C:\>cd sqlite

C:\sqlite>dir
 Le volume dans le lecteur C n’a pas de nom.
 Le numéro de série du volume est CE3F-38CE

 Répertoire de C:\sqlite

15/01/2020  15:52    <DIR>          .
15/01/2020  15:52    <DIR>          ..
15/01/2020  15:52    <DIR>          sqlite-tools-win32-x86-3300100
               0 fichier(s)                0 octets
               3 Rép(s)  179 380 658 176 octets libres

C:\sqlite>sqlite3
SQLite version 3.30.1 2019-10-10 20:19:45
Enter ".help" for usage hints.
Connected to a transient in-memory database.
Use ".open FILENAME" to reopen on a persistent database.
sqlite> .help
.archive ...             Manage SQL archives
.auth ON|OFF             Show authorizer callbacks
.backup ?DB? FILE        Backup DB (default "main") to FILE
.bail on|off             Stop after hitting an error.  Default OFF
.binary on|off           Turn binary output on or off.  Default OFF
.cd DIRECTORY            Change the working directory to DIRECTORY
.changes on|off          Show number of rows changed by SQL
.check GLOB              Fail if output since .testcase does not match
.clone NEWDB             Clone data into NEWDB from the existing database
.databases               List names and files of attached databases
.dbconfig ?op? ?val?     List or change sqlite3_db_config() options
.dbinfo ?DB?             Show status information about the database
.dump ?TABLE? ...        Render all database content as SQL
.echo on|off             Turn command echo on or off
.eqp on|off|full|...     Enable or disable automatic EXPLAIN QUERY PLAN
.excel                   Display the output of next command in spreadsheet
.exit ?CODE?             Exit this program with return-code CODE
.expert                  EXPERIMENTAL. Suggest indexes for queries
.filectrl CMD ...        Run various sqlite3_file_control() operations
.fullschema ?--indent?   Show schema and the content of sqlite_stat tables
.headers on|off          Turn display of headers on or off
.help ?-all? ?PATTERN?   Show help text for PATTERN
.import FILE TABLE       Import data from FILE into TABLE
.imposter INDEX TABLE    Create imposter table TABLE on index INDEX
.indexes ?TABLE?         Show names of indexes
.limit ?LIMIT? ?VAL?     Display or change the value of an SQLITE_LIMIT
.lint OPTIONS            Report potential schema issues.
.load FILE ?ENTRY?       Load an extension library
.log FILE|off            Turn logging on or off.  FILE can be stderr/stdout
.mode MODE ?TABLE?       Set output mode
.nullvalue STRING        Use STRING in place of NULL values
.once (-e|-x|FILE)       Output for the next SQL command only to FILE
.open ?OPTIONS? ?FILE?   Close existing database and reopen FILE
.output ?FILE?           Send output to FILE or stdout if FILE is omitted
.parameter CMD ...       Manage SQL parameter bindings
.print STRING...         Print literal STRING
.progress N              Invoke progress handler after every N opcodes
.prompt MAIN CONTINUE    Replace the standard prompts
.quit                    Exit this program
.read FILE               Read input from FILE
.recover                 Recover as much data as possible from corrupt db.
.restore ?DB? FILE       Restore content of DB (default "main") from FILE
.save FILE               Write in-memory database into FILE
.scanstats on|off        Turn sqlite3_stmt_scanstatus() metrics on or off
.schema ?PATTERN?        Show the CREATE statements matching PATTERN
.selftest ?OPTIONS?      Run tests defined in the SELFTEST table
.separator COL ?ROW?     Change the column and row separators
.sha3sum ...             Compute a SHA3 hash of database content
.shell CMD ARGS...       Run CMD ARGS... in a system shell
.show                    Show the current values for various settings
.stats ?on|off?          Show stats or turn stats on or off
.system CMD ARGS...      Run CMD ARGS... in a system shell
.tables ?TABLE?          List names of tables matching LIKE pattern TABLE
.testcase NAME           Begin redirecting output to 'testcase-out.txt'
.testctrl CMD ...        Run various sqlite3_test_control() operations
.timeout MS              Try opening locked tables for MS milliseconds
.timer on|off            Turn SQL timer on or off
.trace ?OPTIONS?         Output each SQL statement as it is run
.vfsinfo ?AUX?           Information about the top-level VFS
.vfslist                 List all available VFSes
.vfsname ?AUX?           Print the name of the VFS stack
.width NUM1 NUM2 ...     Set column widths for "column" mode
sqlite> .quit

C:\sqlite>dir
 Le volume dans le lecteur C n’a pas de nom.
 Le numéro de série du volume est CE3F-38CE

 Répertoire de C:\sqlite

15/01/2020  15:58    <DIR>          .
15/01/2020  15:58    <DIR>          ..
15/01/2020  15:52           504 320 sqldiff.exe
15/01/2020  15:52           953 856 sqlite3.exe
15/01/2020  15:52         2 019 328 sqlite3_analyzer.exe
               3 fichier(s)        3 477 504 octets
               2 Rép(s)  179 354 456 064 octets libres

C:\sqlite>dir
 Le volume dans le lecteur C n’a pas de nom.
 Le numéro de série du volume est CE3F-38CE

 Répertoire de C:\sqlite

15/01/2020  16:49    <DIR>          .
15/01/2020  16:49    <DIR>          ..
15/01/2020  16:55    <DIR>          db
15/01/2020  16:16    <DIR>          Gui
15/01/2020  15:52           504 320 sqldiff.exe
15/01/2020  15:52           953 856 sqlite3.exe
15/01/2020  15:52         2 019 328 sqlite3_analyzer.exe
               3 fichier(s)        3 477 504 octets
               4 Rép(s)  178 738 765 824 octets libres

C:\sqlite>sqlite3 c:\sqlite\db\chinook.db
SQLite version 3.30.1 2019-10-10 20:19:45
Enter ".help" for usage hints.
sqlite> .tables
albums          employees       invoices        playlists
artists         genres          media_types     tracks
customers       invoice_items   playlist_track
sqlite> .quit

C:\sqlite>